
C:\Users\celen\Desktop\codes\ekatalog\src\components\BulkPriceUpdateModal.tsx
   47:41  error  Unexpected any. Specify a different type  @typescript-eslint/no-explicit-any
  143:25  error  Unexpected any. Specify a different type  @typescript-eslint/no-explicit-any

C:\Users\celen\Desktop\codes\ekatalog\src\components\PinModal.tsx
  31:7  error  Error: Calling setState synchronously within an effect can trigger cascading renders

Effects are intended to synchronize state between React and external systems such as manually updating the DOM, state management libraries, or other platform APIs. In general, the body of an effect should do one or both of the following:
* Update external systems with the latest state from React.
* Subscribe for updates from some external system, calling setState in a callback function when external state changes.

Calling setState synchronously within an effect body causes cascading renders that can hurt performance, and is not recommended. (https://react.dev/learn/you-might-not-need-an-effect).

C:\Users\celen\Desktop\codes\ekatalog\src\components\PinModal.tsx:31:7
  29 |   useEffect(() => {
  30 |     if (!isModalOpen) {
> 31 |       setCurrentPinAttempt('');
     |       ^^^^^^^^^^^^^^^^^^^^ Avoid calling setState() directly within an effect
  32 |       setHasAuthError(false);
  33 |     }
  34 |   }, [isModalOpen]);  react-hooks/set-state-in-effect

Ô£û 3 problems (3 errors, 0 warnings)

