src/components/BulkPriceUpdateModal.tsx(1,8): error TS6133: 'React' is declared but its value is never read.
src/components/BulkPriceUpdateModal.tsx(2,18): error TS6133: 'AnimatePresence' is declared but its value is never read.
src/components/BulkPriceUpdateModal.tsx(6,43): error TS6133: 'formatNumberToCurrency' is declared but its value is never read.
src/components/BulkPriceUpdateModal.tsx(19,90): error TS6133: 'onUpdate' is declared but its value is never read.
src/components/PinModal.tsx(1,8): error TS6133: 'React' is declared but its value is never read.
