// Vitest Snapshot v1, https://vitest.dev/guide/snapshot.html

exports[`HeroCarousel (Diamond Snapshot) > Boş carousel görünümü (Admin) snapshot ile eşleşmeli 1`] = `
<DocumentFragment>
  <div
    class="max-w-7xl mx-auto px-4 mt-6 animate-pulse"
  >
    <div
      class="relative w-full group/carousel overflow-hidden rounded-lg aspect-[16/9] bg-stone-100 flex items-center justify-center"
    >
      <div
        class="w-10 h-10 border-4 border-white/30 border-t-white rounded-full animate-spin"
      />
    </div>
  </div>
</DocumentFragment>
`;

exports[`HeroCarousel (Diamond Snapshot) > Yükleniyor durumu snapshot ile eşleşmeli 1`] = `
<DocumentFragment>
  <div
    class="max-w-7xl mx-auto px-4 mt-6 animate-pulse"
  >
    <div
      class="relative w-full group/carousel overflow-hidden rounded-lg aspect-[16/9] bg-stone-100 flex items-center justify-center"
    >
      <div
        class="w-10 h-10 border-4 border-white/30 border-t-white rounded-full animate-spin"
      />
    </div>
  </div>
</DocumentFragment>
`;
